#-----------------------------------------------------------
# Vivado v2020.2 (64-bit)
# SW Build 3064766 on Wed Nov 18 09:12:47 MST 2020
# IP Build 3064653 on Wed Nov 18 14:17:31 MST 2020
# Start of session at: Tue Jul 16 11:01:57 2024
# Process ID: 23750
# Current directory: /home/pradeepjairam/ramanujamIP/other_rnd/fpga_demo_escalator/traffic_escalator_bit/traffic_light_controller_time_bit/traffic_light/synth/project_1/project_1.runs/synth_1
# Command line: vivado -log top_traffic_light_cntrl.vds -product Vivado -mode batch -messageDb vivado.pb -notrace -source top_traffic_light_cntrl.tcl
# Log file: /home/pradeepjairam/ramanujamIP/other_rnd/fpga_demo_escalator/traffic_escalator_bit/traffic_light_controller_time_bit/traffic_light/synth/project_1/project_1.runs/synth_1/top_traffic_light_cntrl.vds
# Journal file: /home/pradeepjairam/ramanujamIP/other_rnd/fpga_demo_escalator/traffic_escalator_bit/traffic_light_controller_time_bit/traffic_light/synth/project_1/project_1.runs/synth_1/vivado.jou
#-----------------------------------------------------------
source top_traffic_light_cntrl.tcl -notrace
