#-----------------------------------------------------------
# Vivado v2020.2 (64-bit)
# SW Build 3064766 on Wed Nov 18 09:12:47 MST 2020
# IP Build 3064653 on Wed Nov 18 14:17:31 MST 2020
# Start of session at: Wed Jul 10 13:08:16 2024
# Process ID: 32224
# Current directory: /home/sinoradaniels/pulpino/git/traffic_light/synth
# Command line: vivado
# Log file: /home/sinoradaniels/pulpino/git/traffic_light/synth/vivado.log
# Journal file: /home/sinoradaniels/pulpino/git/traffic_light/synth/vivado.jou
#-----------------------------------------------------------
start_gui
create_project project_1 /home/sinoradaniels/pulpino/git/traffic_light/synth/project_1 -part xczu3eg-sbva484-1-i
set_property board_part avnet.com:ultra96v2:part0:1.1 [current_project]
add_files -norecurse -scan_for_includes /home/sinoradaniels/pulpino/git/traffic_light/rtl/traffic_light_controller.sv
update_compile_order -fileset sources_1
launch_runs synth_1 -jobs 4
wait_on_run synth_1
launch_runs impl_1 -jobs 4
wait_on_run impl_1
reset_run synth_1
launch_runs synth_1 -jobs 4
wait_on_run synth_1
launch_runs impl_1 -jobs 4
wait_on_run impl_1
launch_runs impl_1 -to_step write_bitstream -jobs 4
wait_on_run impl_1
add_files -norecurse -scan_for_includes /home/sinoradaniels/pulpino/git/traffic_light/rtl/traffic_light_cntrl.sv
update_compile_order -fileset sources_1
export_ip_user_files -of_objects  [get_files /home/sinoradaniels/pulpino/git/traffic_light/rtl/traffic_light_controller.sv] -no_script -reset -force -quiet
remove_files  /home/sinoradaniels/pulpino/git/traffic_light/rtl/traffic_light_controller.sv
update_compile_order -fileset sources_1
reset_run synth_1
launch_runs impl_1 -to_step write_bitstream -jobs 4
wait_on_run impl_1
