#-----------------------------------------------------------
# Vivado v2020.2 (64-bit)
# SW Build 3064766 on Wed Nov 18 09:12:47 MST 2020
# IP Build 3064653 on Wed Nov 18 14:17:31 MST 2020
# Start of session at: Mon Jul 15 14:31:16 2024
# Process ID: 4421
# Current directory: /home/sinoradaniels/pulpino/git/traffic_light/synth
# Command line: vivado
# Log file: /home/sinoradaniels/pulpino/git/traffic_light/synth/vivado.log
# Journal file: /home/sinoradaniels/pulpino/git/traffic_light/synth/vivado.jou
#-----------------------------------------------------------
start_gui
open_project /home/sinoradaniels/pulpino/git/traffic_light/synth/project_1/project_1.xpr
update_compile_order -fileset sources_1
add_files -norecurse -scan_for_includes /home/sinoradaniels/pulpino/git/traffic_light/rtl/sec_timer.sv
update_compile_order -fileset sources_1
# Disabling source management mode.  This is to allow the top design properties to be set without GUI intervention.
set_property source_mgmt_mode None [current_project]
set_property top sec_timer [get_filesets sim_1]
set_property top_lib xil_defaultlib [get_filesets sim_1]
# Re-enabling previously disabled source management mode.
set_property source_mgmt_mode All [current_project]
update_compile_order -fileset sim_1
launch_simulation
open_wave_config /home/sinoradaniels/pulpino/git/traffic_light/synth/project_1/tb_traffic_light_cntrl_behav.wcfg
source sec_timer.tcl
run all
close_sim
# Disabling source management mode.  This is to allow the top design properties to be set without GUI intervention.
set_property source_mgmt_mode None [current_project]
set_property top tb_traffic_light_cntrl [get_filesets sim_1]
set_property top_lib xil_defaultlib [get_filesets sim_1]
# Re-enabling previously disabled source management mode.
set_property source_mgmt_mode All [current_project]
update_compile_order -fileset sim_1
launch_simulation
open_wave_config /home/sinoradaniels/pulpino/git/traffic_light/synth/project_1/tb_traffic_light_cntrl_behav.wcfg
source tb_traffic_light_cntrl.tcl
current_wave_config {tb_traffic_light_cntrl_behav.wcfg}
add_wave {{/tb_traffic_light_cntrl/sec_timer_inst/clk}} {{/tb_traffic_light_cntrl/sec_timer_inst/reset_n}} {{/tb_traffic_light_cntrl/sec_timer_inst/rst_count}} {{/tb_traffic_light_cntrl/sec_timer_inst/one_sec_timer}} {{/tb_traffic_light_cntrl/sec_timer_inst/five_sec_timer}} {{/tb_traffic_light_cntrl/sec_timer_inst/count}} {{/tb_traffic_light_cntrl/sec_timer_inst/sec_count}} {{/tb_traffic_light_cntrl/sec_timer_inst/FREQ}} {{/tb_traffic_light_cntrl/sec_timer_inst/DELAY_IN_SEC}} 
relaunch_sim
run 1 us
save_wave_config {/home/sinoradaniels/pulpino/git/traffic_light/synth/project_1/tb_traffic_light_cntrl_behav.wcfg}
run 1 us
run 1 us
run 1 us
run 1 us
run 1 us
run 1 us
run 1 us
run 1 us
run 1 us
run 1 us
run 1 us
run 1 us
run 1 us
run 1 us
run 1 us
run 1 us
run 1 us
run 1 us
run 1 us
run 1 ms
run 1 ms
run 1 ms
run 1 ms
run 1 ms
save_wave_config {/home/sinoradaniels/pulpino/git/traffic_light/synth/project_1/tb_traffic_light_cntrl_behav.wcfg}
save_wave_config {/home/sinoradaniels/pulpino/git/traffic_light/synth/project_1/tb_traffic_light_cntrl_behav.wcfg}
close_sim
launch_simulation
open_wave_config /home/sinoradaniels/pulpino/git/traffic_light/synth/project_1/tb_traffic_light_cntrl_behav.wcfg
source tb_traffic_light_cntrl.tcl
save_wave_config {/home/sinoradaniels/pulpino/git/traffic_light/synth/project_1/tb_traffic_light_cntrl_behav.wcfg}
run 1 ms
run 1 ms
close_sim
launch_simulation
open_wave_config /home/sinoradaniels/pulpino/git/traffic_light/synth/project_1/tb_traffic_light_cntrl_behav.wcfg
source tb_traffic_light_cntrl.tcl
run 1 ms
relaunch_sim
run 1 us
run 1 us
relaunch_sim
relaunch_sim
close_sim
launch_simulation
open_wave_config /home/sinoradaniels/pulpino/git/traffic_light/synth/project_1/tb_traffic_light_cntrl_behav.wcfg
source tb_traffic_light_cntrl.tcl
run 1 us
run 1 us
run 1 us
run 1 us
run 1 us
run 1 ms
save_wave_config {/home/sinoradaniels/pulpino/git/traffic_light/synth/project_1/tb_traffic_light_cntrl_behav.wcfg}
relaunch_sim
relaunch_sim
